2401:db00:31c:2503:face:0:35a:0 - - [14/Jul/2021:08:21:20 -0700]  "GET /bookshelf/organization-e14a694e4770b98e68ed427d8917861a/checksum-67b1976763209bcc329f2320ffd20edf?AWSAccessKeyId=141e747b948a4bf9ad72078425399f6ec95da345&Expires=1626296400&Signature=UGP0tCTwZ%2BOUrD0h8Lw%2BYHDffqc%3D HTTP/1.1" 200 "0.003" 87 "-" "Chef Client/13.10.0 (ruby-2.4.4-p296; ohai-13.10.0; x86_64-linux; +https://chef.io)" "127.0.0.1:4321" "200" "0.003" "13.10.0" "algorithm=sha1;version=1.1;" "udb0792.eag1.facebook.com" "2021-07-14T15:21:20Z" "2jmj7l5rSw0yVb/vlWAYkK/YBwk=" 1231
2401:db00:31c:4c2e:face:0:25c:0 - - [14/Jul/2021:08:21:20 -0700]  "GET /organizations/o3/nodes/twshared54965.04.eag1.facebook.com HTTP/1.1" 200 "0.020" 4157 "-" "Chef Client/14.15.6 (ruby-2.5.8-p224; ohai-14.15.0; x86_64-linux; +https://chef.io)" "127.0.0.1:8000" "200" "0.019" "14.15.6" "algorithm=sha1;version=1.1;" "twshared54965.04.eag1.facebook.com" "2021-07-14T15:21:20Z" "2jmj7l5rSw0yVb/vlWAYkK/YBwk=" 1099
2401:db00:31c:6116:face:0:37f:0 - - [14/Jul/2021:08:21:20 -0700]  "GET /bookshelf/organization-4b000c81a5b585ccd8d497185a612bec/checksum-263a1016e22e4734a3eba1e9f77bf09b?AWSAccessKeyId=141e747b948a4bf9ad72078425399f6ec95da345&Expires=1626296400&Signature=svDzaUUJssPFanKeeufUp4vDQD8%3D HTTP/1.1" 200 "0.000" 290 "-" "Chef Client/14.15.6 (ruby-2.5.8-p224; ohai-14.15.0; x86_64-linux; +https://chef.io)" "-" "-" "-" "14.15.6" "algorithm=sha1;version=1.1;" "twshared39886.05.eag1.facebook.com" "2021-07-14T15:21:20Z" "2jmj7l5rSw0yVb/vlWAYkK/YBwk=" 1236
2401:db00:31c:2503:face:0:35a:0 - - [14/Jul/2021:08:21:20 -0700]  "GET /bookshelf/organization-e14a694e4770b98e68ed427d8917861a/checksum-77b82b36d94864bbf4f51c48cef2994b?AWSAccessKeyId=141e747b948a4bf9ad72078425399f6ec95da345&Expires=1626296400&Signature=BlQbmspbuE5QJSaEmmu%2BpMGpvrA%3D HTTP/1.1" 200 "0.002" 380 "-" "Chef Client/13.10.0 (ruby-2.4.4-p296; ohai-13.10.0; x86_64-linux; +https://chef.io)" "127.0.0.1:4321" "200" "0.002" "13.10.0" "algorithm=sha1;version=1.1;" "udb0792.eag1.facebook.com" "2021-07-14T15:21:20Z" "2jmj7l5rSw0yVb/vlWAYkK/YBwk=" 1229
2401:db00:31c:2503:face:0:35a:0 - - [14/Jul/2021:08:21:20 -0700]  "GET /bookshelf/organization-e14a694e4770b98e68ed427d8917861a/checksum-9a8ffeedce324800258113bdbbe25c10?AWSAccessKeyId=141e747b948a4bf9ad72078425399f6ec95da345&Expires=1626296400&Signature=QZYnmYadcAGVWa8AJeK32HuC4Mg%3D HTTP/1.1" 200 "0.004" 505 "-" "Chef Client/13.10.0 (ruby-2.4.4-p296; ohai-13.10.0; x86_64-linux; +https://chef.io)" "127.0.0.1:4321" "200" "0.004" "13.10.0" "algorithm=sha1;version=1.1;" "udb0792.eag1.facebook.com" "2021-07-14T15:21:20Z" "2jmj7l5rSw0yVb/vlWAYkK/YBwk=" 1227
2401:db00:31c:2503:face:0:35a:0 - - [14/Jul/2021:08:21:20 -0700]  "GET /bookshelf/organization-e14a694e4770b98e68ed427d8917861a/checksum-3ed2e71abcac8457dde645486a116eb6?AWSAccessKeyId=141e747b948a4bf9ad72078425399f6ec95da345&Expires=1626296400&Signature=jcpgkhHiFbyndFYRSlfiIiJ/Ync%3D HTTP/1.1" 200 "0.003" 449 "-" "Chef Client/13.10.0 (ruby-2.4.4-p296; ohai-13.10.0; x86_64-linux; +https://chef.io)" "127.0.0.1:4321" "200" "0.003" "13.10.0" "algorithm=sha1;version=1.1;" "udb0792.eag1.facebook.com" "2021-07-14T15:21:20Z" "2jmj7l5rSw0yVb/vlWAYkK/YBwk=" 1227
2401:db00:31c:2503:face:0:35a:0 - - [14/Jul/2021:08:21:20 -0700]  "GET /bookshelf/organization-e14a694e4770b98e68ed427d8917861a/checksum-0671cda679c0e77c3a9296ed73dcbfc8?AWSAccessKeyId=141e747b948a4bf9ad72078425399f6ec95da345&Expires=1626296400&Signature=2bZaDEFx6H3Cszn5S03C8duJ/1E%3D HTTP/1.1" 200 "0.003" 572 "-" "Chef Client/13.10.0 (ruby-2.4.4-p296; ohai-13.10.0; x86_64-linux; +https://chef.io)" "127.0.0.1:4321" "200" "0.003" "13.10.0" "algorithm=sha1;version=1.1;" "udb0792.eag1.facebook.com" "2021-07-14T15:21:20Z" "2jmj7l5rSw0yVb/vlWAYkK/YBwk=" 1227
2401:db00:31c:2503:face:0:35a:0 - - [14/Jul/2021:08:21:20 -0700]  "GET /bookshelf/organization-e14a694e4770b98e68ed427d8917861a/checksum-9675429022b9fc4f2956097e47ca80d8?AWSAccessKeyId=141e747b948a4bf9ad72078425399f6ec95da345&Expires=1626296400&Signature=LbZUdbY71rzlvKrTf8dw41GyJKo%3D HTTP/1.1" 200 "0.003" 330 "-" "Chef Client/13.10.0 (ruby-2.4.4-p296; ohai-13.10.0; x86_64-linux; +https://chef.io)" "127.0.0.1:4321" "200" "0.003" "13.10.0" "algorithm=sha1;version=1.1;" "udb0792.eag1.facebook.com" "2021-07-14T15:21:20Z" "2jmj7l5rSw0yVb/vlWAYkK/YBwk=" 1227
2401:db00:31c:2503:face:0:35a:0 - - [14/Jul/2021:08:21:20 -0700]  "GET /bookshelf/organization-e14a694e4770b98e68ed427d8917861a/checksum-0e9b245a58e4b6a60f7178d5b37f1a12?AWSAccessKeyId=141e747b948a4bf9ad72078425399f6ec95da345&Expires=1626296400&Signature=oMYYeWIK4bfEdLD4GyGo1Clm3E0%3D HTTP/1.1" 200 "0.003" 431 "-" "Chef Client/13.10.0 (ruby-2.4.4-p296; ohai-13.10.0; x86_64-linux; +https://chef.io)" "127.0.0.1:4321" "200" "0.003" "13.10.0" "algorithm=sha1;version=1.1;" "udb0792.eag1.facebook.com" "2021-07-14T15:21:20Z" "2jmj7l5rSw0yVb/vlWAYkK/YBwk=" 1227
2401:db00:31c:6116:face:0:37f:0 - - [14/Jul/2021:08:21:20 -0700]  "GET /bookshelf/organization-4b000c81a5b585ccd8d497185a612bec/checksum-40cf8147643e7d75cb63771113aa603d?AWSAccessKeyId=141e747b948a4bf9ad72078425399f6ec95da345&Expires=1626296400&Signature=ELYXgxEiLeeg7Pa7XckJ62oXV3w%3D HTTP/1.1" 200 "0.000" 257 "-" "Chef Client/14.15.6 (ruby-2.5.8-p224; ohai-14.15.0; x86_64-linux; +https://chef.io)" "-" "-" "-" "14.15.6" "algorithm=sha1;version=1.1;" "twshared39886.05.eag1.facebook.com" "2021-07-14T15:21:20Z" "2jmj7l5rSw0yVb/vlWAYkK/YBwk=" 1236
2401:db00:31c:2503:face:0:35a:0 - - [14/Jul/2021:08:21:20 -0700]  "GET /bookshelf/organization-e14a694e4770b98e68ed427d8917861a/checksum-8c561217382846f1fd92fa3f901e95df?AWSAccessKeyId=141e747b948a4bf9ad72078425399f6ec95da345&Expires=1626296400&Signature=IcjyzJWYlHfj0I69agYLBp4KqB0%3D HTTP/1.1" 200 "0.002" 131 "-" "Chef Client/13.10.0 (ruby-2.4.4-p296; ohai-13.10.0; x86_64-linux; +https://chef.io)" "127.0.0.1:4321" "200" "0.002" "13.10.0" "algorithm=sha1;version=1.1;" "udb0792.eag1.facebook.com" "2021-07-14T15:21:20Z" "2jmj7l5rSw0yVb/vlWAYkK/YBwk=" 1227
2401:db00:31c:2503:face:0:35a:0 - - [14/Jul/2021:08:21:20 -0700]  "GET /bookshelf/organization-e14a694e4770b98e68ed427d8917861a/checksum-3936fe522e12e058e6a4cacfa35f6aca?AWSAccessKeyId=141e747b948a4bf9ad72078425399f6ec95da345&Expires=1626296400&Signature=aZ1Lre1Z9XNFIARVY3ohNC3NAO8%3D HTTP/1.1" 200 "0.003" 259 "-" "Chef Client/13.10.0 (ruby-2.4.4-p296; ohai-13.10.0; x86_64-linux; +https://chef.io)" "127.0.0.1:4321" "200" "0.003" "13.10.0" "algorithm=sha1;version=1.1;" "udb0792.eag1.facebook.com" "2021-07-14T15:21:20Z" "2jmj7l5rSw0yVb/vlWAYkK/YBwk=" 1227
2401:db00:31c:6116:face:0:37f:0 - - [14/Jul/2021:08:21:20 -0700]  "GET /bookshelf/organization-4b000c81a5b585ccd8d497185a612bec/checksum-1c67b3381d021d0c77f8117703c30183?AWSAccessKeyId=141e747b948a4bf9ad72078425399f6ec95da345&Expires=1626296400&Signature=YYq0RIEfm8wSVFvLRTsuQAHZz40%3D HTTP/1.1" 200 "0.000" 260 "-" "Chef Client/14.15.6 (ruby-2.5.8-p224; ohai-14.15.0; x86_64-linux; +https://chef.io)" "-" "-" "-" "14.15.6" "algorithm=sha1;version=1.1;" "twshared39886.05.eag1.facebook.com" "2021-07-14T15:21:20Z" "2jmj7l5rSw0yVb/vlWAYkK/YBwk=" 1236
2401:db00:31c:2503:face:0:35a:0 - - [14/Jul/2021:08:21:20 -0700]  "GET /bookshelf/organization-e14a694e4770b98e68ed427d8917861a/checksum-723b295e80cf03c82f6110d8fa5367d4?AWSAccessKeyId=141e747b948a4bf9ad72078425399f6ec95da345&Expires=1626296400&Signature=k4eWmWU9D3Kr0tRu3bpwTGJxYsA%3D HTTP/1.1" 200 "0.002" 390 "-" "Chef Client/13.10.0 (ruby-2.4.4-p296; ohai-13.10.0; x86_64-linux; +https://chef.io)" "127.0.0.1:4321" "200" "0.002" "13.10.0" "algorithm=sha1;version=1.1;" "udb0792.eag1.facebook.com" "2021-07-14T15:21:20Z" "2jmj7l5rSw0yVb/vlWAYkK/YBwk=" 1227
2401:db00:31c:6116:face:0:37f:0 - - [14/Jul/2021:08:21:20 -0700]  "GET /bookshelf/organization-4b000c81a5b585ccd8d497185a612bec/checksum-5e68a3d422e78707ff58359a19b1aaf5?AWSAccessKeyId=141e747b948a4bf9ad72078425399f6ec95da345&Expires=1626296400&Signature=Ye1RMTTf%2BhE63Kb0WG2GvNvxkEI%3D HTTP/1.1" 200 "0.000" 261 "-" "Chef Client/14.15.6 (ruby-2.5.8-p224; ohai-14.15.0; x86_64-linux; +https://chef.io)" "-" "-" "-" "14.15.6" "algorithm=sha1;version=1.1;" "twshared39886.05.eag1.facebook.com" "2021-07-14T15:21:20Z" "2jmj7l5rSw0yVb/vlWAYkK/YBwk=" 1238
2401:db00:31c:2503:face:0:35a:0 - - [14/Jul/2021:08:21:20 -0700]  "GET /bookshelf/organization-e14a694e4770b98e68ed427d8917861a/checksum-138957b6bfe88963cedcfb0b4bbc77b3?AWSAccessKeyId=141e747b948a4bf9ad72078425399f6ec95da345&Expires=1626296400&Signature=%2BAJrUqR2wfqSzY9/EM36MUQnKXk%3D HTTP/1.1" 200 "0.004" 483 "-" "Chef Client/13.10.0 (ruby-2.4.4-p296; ohai-13.10.0; x86_64-linux; +https://chef.io)" "127.0.0.1:4321" "200" "0.004" "13.10.0" "algorithm=sha1;version=1.1;" "udb0792.eag1.facebook.com" "2021-07-14T15:21:20Z" "2jmj7l5rSw0yVb/vlWAYkK/YBwk=" 1229
2401:db00:31c:3919:face:0:3a8:0 - - [14/Jul/2021:08:21:20 -0700]  "GET /organizations/o3/nodes/udb31043.eag1.facebook.com HTTP/1.1" 200 "0.018" 4314 "-" "Chef Client/13.10.0 (ruby-2.4.4-p296; ohai-13.10.0; x86_64-linux; +https://chef.io)" "127.0.0.1:8000" "200" "0.017" "13.10.0" "algorithm=sha1;version=1.1;" "udb31043.eag1.facebook.com" "2021-07-14T15:21:20Z" "2jmj7l5rSw0yVb/vlWAYkK/YBwk=" 1083
2401:db00:31c:2503:face:0:35a:0 - - [14/Jul/2021:08:21:20 -0700]  "GET /bookshelf/organization-e14a694e4770b98e68ed427d8917861a/checksum-b8a9698df797302ca9a374d05eaadb2c?AWSAccessKeyId=141e747b948a4bf9ad72078425399f6ec95da345&Expires=1626296400&Signature=lc8DrvN2Q6kQP17J1nLRwIu8kdA%3D HTTP/1.1" 200 "0.004" 615 "-" "Chef Client/13.10.0 (ruby-2.4.4-p296; ohai-13.10.0; x86_64-linux; +https://chef.io)" "127.0.0.1:4321" "200" "0.004" "13.10.0" "algorithm=sha1;version=1.1;" "udb0792.eag1.facebook.com" "2021-07-14T15:21:20Z" "2jmj7l5rSw0yVb/vlWAYkK/YBwk=" 1227
2401:db00:31c:2503:face:0:35a:0 - - [14/Jul/2021:08:21:20 -0700]  "GET /bookshelf/organization-e14a694e4770b98e68ed427d8917861a/checksum-72f39f0718ed4072d425285a52859a06?AWSAccessKeyId=141e747b948a4bf9ad72078425399f6ec95da345&Expires=1626296400&Signature=K0KlUXgzHWPM5UPjjYfEt/N8oQM%3D HTTP/1.1" 200 "0.005" 145 "-" "Chef Client/13.10.0 (ruby-2.4.4-p296; ohai-13.10.0; x86_64-linux; +https://chef.io)" "127.0.0.1:4321" "200" "0.005" "13.10.0" "algorithm=sha1;version=1.1;" "udb0792.eag1.facebook.com" "2021-07-14T15:21:20Z" "2jmj7l5rSw0yVb/vlWAYkK/YBwk=" 1227
2401:db00:31c:2503:face:0:35a:0 - - [14/Jul/2021:08:21:20 -0700]  "GET /bookshelf/organization-e14a694e4770b98e68ed427d8917861a/checksum-974cb02054a6b87204eb6536e06a325a?AWSAccessKeyId=141e747b948a4bf9ad72078425399f6ec95da345&Expires=1626296400&Signature=A9i2tF46bekf3zqCacIoXrhZI8E%3D HTTP/1.1" 200 "0.006" 876 "-" "Chef Client/13.10.0 (ruby-2.4.4-p296; ohai-13.10.0; x86_64-linux; +https://chef.io)" "127.0.0.1:4321" "200" "0.006" "13.10.0" "algorithm=sha1;version=1.1;" "udb0792.eag1.facebook.com" "2021-07-14T15:21:20Z" "2jmj7l5rSw0yVb/vlWAYkK/YBwk=" 1227
2401:db00:31c:2503:face:0:35a:0 - - [14/Jul/2021:08:21:20 -0700]  "GET /bookshelf/organization-e14a694e4770b98e68ed427d8917861a/checksum-e874f30ec8cc2937cdaa7473e47dec8e?AWSAccessKeyId=141e747b948a4bf9ad72078425399f6ec95da345&Expires=1626296400&Signature=ndfAa3df2HWKvDYtDHvCq3n85Sc%3D HTTP/1.1" 200 "0.005" 147 "-" "Chef Client/13.10.0 (ruby-2.4.4-p296; ohai-13.10.0; x86_64-linux; +https://chef.io)" "127.0.0.1:4321" "200" "0.005" "13.10.0" "algorithm=sha1;version=1.1;" "udb0792.eag1.facebook.com" "2021-07-14T15:21:20Z" "2jmj7l5rSw0yVb/vlWAYkK/YBwk=" 1227
2401:db00:31c:2503:face:0:35a:0 - - [14/Jul/2021:08:21:20 -0700]  "GET /bookshelf/organization-e14a694e4770b98e68ed427d8917861a/checksum-754d1b2d61b2deafd8597900ac73db97?AWSAccessKeyId=141e747b948a4bf9ad72078425399f6ec95da345&Expires=1626296400&Signature=QobIpsNdPbT5dybbfw7VcmNye%2B4%3D HTTP/1.1" 200 "0.003" 129 "-" "Chef Client/13.10.0 (ruby-2.4.4-p296; ohai-13.10.0; x86_64-linux; +https://chef.io)" "127.0.0.1:4321" "200" "0.003" "13.10.0" "algorithm=sha1;version=1.1;" "udb0792.eag1.facebook.com" "2021-07-14T15:21:20Z" "2jmj7l5rSw0yVb/vlWAYkK/YBwk=" 1229
2401:db00:31c:2503:face:0:35a:0 - - [14/Jul/2021:08:21:20 -0700]  "GET /bookshelf/organization-e14a694e4770b98e68ed427d8917861a/checksum-b9b1b45660a9f7d33fefa2cf271441f1?AWSAccessKeyId=141e747b948a4bf9ad72078425399f6ec95da345&Expires=1626296400&Signature=YWqYrbjp%2BlJ92LkCvFl%2Bib7Tg8o%3D HTTP/1.1" 200 "0.003" 120 "-" "Chef Client/13.10.0 (ruby-2.4.4-p296; ohai-13.10.0; x86_64-linux; +https://chef.io)" "127.0.0.1:4321" "200" "0.003" "13.10.0" "algorithm=sha1;version=1.1;" "udb0792.eag1.facebook.com" "2021-07-14T15:21:20Z" "2jmj7l5rSw0yVb/vlWAYkK/YBwk=" 1231
2401:db00:31c:6116:face:0:37f:0 - - [14/Jul/2021:08:21:20 -0700]  "GET /bookshelf/organization-4b000c81a5b585ccd8d497185a612bec/checksum-9f8063dbb07e62e60fdfec4036ae0294?AWSAccessKeyId=141e747b948a4bf9ad72078425399f6ec95da345&Expires=1626296400&Signature=ffLQR%2B0Dv09jGFg8lSAaf/eTrs4%3D HTTP/1.1" 200 "0.000" 273 "-" "Chef Client/14.15.6 (ruby-2.5.8-p224; ohai-14.15.0; x86_64-linux; +https://chef.io)" "-" "-" "-" "14.15.6" "algorithm=sha1;version=1.1;" "twshared39886.05.eag1.facebook.com" "2021-07-14T15:21:20Z" "2jmj7l5rSw0yVb/vlWAYkK/YBwk=" 1238
2401:db00:31c:6116:face:0:37f:0 - - [14/Jul/2021:08:21:20 -0700]  "GET /bookshelf/organization-4b000c81a5b585ccd8d497185a612bec/checksum-255805a87cb94b46cc78d5d3cdf31ce8?AWSAccessKeyId=141e747b948a4bf9ad72078425399f6ec95da345&Expires=1626296400&Signature=0X58aeBO3AK2JhZxTOyOubpCtDo%3D HTTP/1.1" 200 "0.000" 258 "-" "Chef Client/14.15.6 (ruby-2.5.8-p224; ohai-14.15.0; x86_64-linux; +https://chef.io)" "-" "-" "-" "14.15.6" "algorithm=sha1;version=1.1;" "twshared39886.05.eag1.facebook.com" "2021-07-14T15:21:20Z" "2jmj7l5rSw0yVb/vlWAYkK/YBwk=" 1236
2401:db00:31c:2503:face:0:35a:0 - - [14/Jul/2021:08:21:20 -0700]  "GET /bookshelf/organization-e14a694e4770b98e68ed427d8917861a/checksum-1c02aa824fde25c9bc09ef33f9179fe0?AWSAccessKeyId=141e747b948a4bf9ad72078425399f6ec95da345&Expires=1626296400&Signature=vHFNJqS%2BPoOyVK8oCoiuul1upIY%3D HTTP/1.1" 200 "0.005" 122 "-" "Chef Client/13.10.0 (ruby-2.4.4-p296; ohai-13.10.0; x86_64-linux; +https://chef.io)" "127.0.0.1:4321" "200" "0.005" "13.10.0" "algorithm=sha1;version=1.1;" "udb0792.eag1.facebook.com" "2021-07-14T15:21:20Z" "2jmj7l5rSw0yVb/vlWAYkK/YBwk=" 1229
2401:db00:31c:6116:face:0:37f:0 - - [14/Jul/2021:08:21:20 -0700]  "GET /bookshelf/organization-4b000c81a5b585ccd8d497185a612bec/checksum-78be5e39041751663681a96194f7ba61?AWSAccessKeyId=141e747b948a4bf9ad72078425399f6ec95da345&Expires=1626296400&Signature=bueYN66zhNEruSPJ67vB5f%2BSU74%3D HTTP/1.1" 200 "0.000" 403 "-" "Chef Client/14.15.6 (ruby-2.5.8-p224; ohai-14.15.0; x86_64-linux; +https://chef.io)" "-" "-" "-" "14.15.6" "algorithm=sha1;version=1.1;" "twshared39886.05.eag1.facebook.com" "2021-07-14T15:21:20Z" "2jmj7l5rSw0yVb/vlWAYkK/YBwk=" 1238
2401:db00:31c:6116:face:0:37f:0 - - [14/Jul/2021:08:21:20 -0700]  "GET /bookshelf/organization-4b000c81a5b585ccd8d497185a612bec/checksum-1bbc6d4e63bec499e541ac63d32836d4?AWSAccessKeyId=141e747b948a4bf9ad72078425399f6ec95da345&Expires=1626296400&Signature=Y8SgNGIi4kHYL0bc6nOUsBv27EA%3D HTTP/1.1" 200 "0.000" 257 "-" "Chef Client/14.15.6 (ruby-2.5.8-p224; ohai-14.15.0; x86_64-linux; +https://chef.io)" "-" "-" "-" "14.15.6" "algorithm=sha1;version=1.1;" "twshared39886.05.eag1.facebook.com" "2021-07-14T15:21:20Z" "2jmj7l5rSw0yVb/vlWAYkK/YBwk=" 1236
2401:db00:31c:2503:face:0:35a:0 - - [14/Jul/2021:08:21:20 -0700]  "GET /bookshelf/organization-e14a694e4770b98e68ed427d8917861a/checksum-9441cc441a61025cc957ef4577a92144?AWSAccessKeyId=141e747b948a4bf9ad72078425399f6ec95da345&Expires=1626296400&Signature=5BGKIj3eGp7atFT5wUo4s8KMMrA%3D HTTP/1.1" 200 "0.003" 604 "-" "Chef Client/13.10.0 (ruby-2.4.4-p296; ohai-13.10.0; x86_64-linux; +https://chef.io)" "127.0.0.1:4321" "200" "0.003" "13.10.0" "algorithm=sha1;version=1.1;" "udb0792.eag1.facebook.com" "2021-07-14T15:21:20Z" "2jmj7l5rSw0yVb/vlWAYkK/YBwk=" 1227
2401:db00:31c:6116:face:0:37f:0 - - [14/Jul/2021:08:21:20 -0700]  "GET /bookshelf/organization-4b000c81a5b585ccd8d497185a612bec/checksum-3c3bffb4d21921617bf30ba0fb57b064?AWSAccessKeyId=141e747b948a4bf9ad72078425399f6ec95da345&Expires=1626296400&Signature=FH67Ok%2BPU5vOxV52WtQ3Qg2uqjU%3D HTTP/1.1" 200 "0.000" 256 "-" "Chef Client/14.15.6 (ruby-2.5.8-p224; ohai-14.15.0; x86_64-linux; +https://chef.io)" "-" "-" "-" "14.15.6" "algorithm=sha1;version=1.1;" "twshared39886.05.eag1.facebook.com" "2021-07-14T15:21:20Z" "2jmj7l5rSw0yVb/vlWAYkK/YBwk=" 1238
2401:db00:31c:2503:face:0:35a:0 - - [14/Jul/2021:08:21:20 -0700]  "GET /bookshelf/organization-e14a694e4770b98e68ed427d8917861a/checksum-23fb4031541c63c4dac9d7de4a27fe7c?AWSAccessKeyId=141e747b948a4bf9ad72078425399f6ec95da345&Expires=1626296400&Signature=Bu4pyg%2B%2BybtGAXgARNIZsB649TE%3D HTTP/1.1" 200 "0.003" 201 "-" "Chef Client/13.10.0 (ruby-2.4.4-p296; ohai-13.10.0; x86_64-linux; +https://chef.io)" "127.0.0.1:4321" "200" "0.003" "13.10.0" "algorithm=sha1;version=1.1;" "udb0792.eag1.facebook.com" "2021-07-14T15:21:20Z" "2jmj7l5rSw0yVb/vlWAYkK/YBwk=" 1231
2401:db00:31c:6116:face:0:37f:0 - - [14/Jul/2021:08:21:20 -0700]  "GET /bookshelf/organization-4b000c81a5b585ccd8d497185a612bec/checksum-52a69dc97276b83ac1717a5ed450aa66?AWSAccessKeyId=141e747b948a4bf9ad72078425399f6ec95da345&Expires=1626296400&Signature=sUA%2BjSG05yPaWnJBM1WwgKW7TW0%3D HTTP/1.1" 200 "0.000" 265 "-" "Chef Client/14.15.6 (ruby-2.5.8-p224; ohai-14.15.0; x86_64-linux; +https://chef.io)" "-" "-" "-" "14.15.6" "algorithm=sha1;version=1.1;" "twshared39886.05.eag1.facebook.com" "2021-07-14T15:21:20Z" "2jmj7l5rSw0yVb/vlWAYkK/YBwk=" 1238
2401:db00:31c:2503:face:0:35a:0 - - [14/Jul/2021:08:21:20 -0700]  "GET /bookshelf/organization-e14a694e4770b98e68ed427d8917861a/checksum-8ac75e8b25b03535cf0f51334b63d86e?AWSAccessKeyId=141e747b948a4bf9ad72078425399f6ec95da345&Expires=1626296400&Signature=NlJo2XX2OrqBMmxXfJijKMGApSY%3D HTTP/1.1" 200 "0.005" 863 "-" "Chef Client/13.10.0 (ruby-2.4.4-p296; ohai-13.10.0; x86_64-linux; +https://chef.io)" "127.0.0.1:4321" "200" "0.005" "13.10.0" "algorithm=sha1;version=1.1;" "udb0792.eag1.facebook.com" "2021-07-14T15:21:20Z" "2jmj7l5rSw0yVb/vlWAYkK/YBwk=" 1227
2401:db00:31c:2503:face:0:35a:0 - - [14/Jul/2021:08:21:20 -0700]  "GET /bookshelf/organization-e14a694e4770b98e68ed427d8917861a/checksum-b939626a2266dd80f8f78320b97ca4dd?AWSAccessKeyId=141e747b948a4bf9ad72078425399f6ec95da345&Expires=1626296400&Signature=GrLKiC9ChAProS33ZFGgFOrfTkQ%3D HTTP/1.1" 200 "0.005" 687 "-" "Chef Client/13.10.0 (ruby-2.4.4-p296; ohai-13.10.0; x86_64-linux; +https://chef.io)" "127.0.0.1:4321" "200" "0.005" "13.10.0" "algorithm=sha1;version=1.1;" "udb0792.eag1.facebook.com" "2021-07-14T15:21:20Z" "2jmj7l5rSw0yVb/vlWAYkK/YBwk=" 1227
2401:db00:31c:2503:face:0:35a:0 - - [14/Jul/2021:08:21:20 -0700]  "GET /bookshelf/organization-e14a694e4770b98e68ed427d8917861a/checksum-cf5eb411b49d03f5c2b9273bdd57be5a?AWSAccessKeyId=141e747b948a4bf9ad72078425399f6ec95da345&Expires=1626296400&Signature=/5LjF6a3hW/H5Kt6fb4x67dTuyo%3D HTTP/1.1" 200 "0.004" 404 "-" "Chef Client/13.10.0 (ruby-2.4.4-p296; ohai-13.10.0; x86_64-linux; +https://chef.io)" "127.0.0.1:4321" "200" "0.004" "13.10.0" "algorithm=sha1;version=1.1;" "udb0792.eag1.facebook.com" "2021-07-14T15:21:20Z" "2jmj7l5rSw0yVb/vlWAYkK/YBwk=" 1227
2401:db00:31c:2503:face:0:35a:0 - - [14/Jul/2021:08:21:20 -0700]  "GET /bookshelf/organization-e14a694e4770b98e68ed427d8917861a/checksum-8c53290511ca87dd3f572c2f9710e73a?AWSAccessKeyId=141e747b948a4bf9ad72078425399f6ec95da345&Expires=1626296400&Signature=I9eQNMZ1TjdW2eLSTDDGA2Nh%2BHE%3D HTTP/1.1" 200 "0.004" 116 "-" "Chef Client/13.10.0 (ruby-2.4.4-p296; ohai-13.10.0; x86_64-linux; +https://chef.io)" "127.0.0.1:4321" "200" "0.004" "13.10.0" "algorithm=sha1;version=1.1;" "udb0792.eag1.facebook.com" "2021-07-14T15:21:20Z" "2jmj7l5rSw0yVb/vlWAYkK/YBwk=" 1229
2401:db00:31c:2503:face:0:35a:0 - - [14/Jul/2021:08:21:20 -0700]  "GET /bookshelf/organization-e14a694e4770b98e68ed427d8917861a/checksum-f5fc03403e60c0ab0a66c319892495cf?AWSAccessKeyId=141e747b948a4bf9ad72078425399f6ec95da345&Expires=1626296400&Signature=pvG9/wSBOmZVTdM3yzOC4Rbb/Zg%3D HTTP/1.1" 200 "0.004" 75 "-" "Chef Client/13.10.0 (ruby-2.4.4-p296; ohai-13.10.0; x86_64-linux; +https://chef.io)" "127.0.0.1:4321" "200" "0.004" "13.10.0" "algorithm=sha1;version=1.1;" "udb0792.eag1.facebook.com" "2021-07-14T15:21:20Z" "2jmj7l5rSw0yVb/vlWAYkK/YBwk=" 1227
2401:db00:31c:2503:face:0:35a:0 - - [14/Jul/2021:08:21:20 -0700]  "GET /bookshelf/organization-e14a694e4770b98e68ed427d8917861a/checksum-13b6c0686eba3711dc0602f9c3753527?AWSAccessKeyId=141e747b948a4bf9ad72078425399f6ec95da345&Expires=1626296400&Signature=XDLQWaVwxa%2BgWRgisoZr7ptZ0fc%3D HTTP/1.1" 200 "0.006" 370 "-" "Chef Client/13.10.0 (ruby-2.4.4-p296; ohai-13.10.0; x86_64-linux; +https://chef.io)" "127.0.0.1:4321" "200" "0.006" "13.10.0" "algorithm=sha1;version=1.1;" "udb0792.eag1.facebook.com" "2021-07-14T15:21:20Z" "2jmj7l5rSw0yVb/vlWAYkK/YBwk=" 1229
2401:db00:31c:2503:face:0:35a:0 - - [14/Jul/2021:08:21:20 -0700]  "GET /bookshelf/organization-e14a694e4770b98e68ed427d8917861a/checksum-1289fa5ea7902b959745bc838ea16106?AWSAccessKeyId=141e747b948a4bf9ad72078425399f6ec95da345&Expires=1626296400&Signature=t7fh4GCANfwec9LG1nb65l/dJok%3D HTTP/1.1" 200 "0.004" 399 "-" "Chef Client/13.10.0 (ruby-2.4.4-p296; ohai-13.10.0; x86_64-linux; +https://chef.io)" "127.0.0.1:4321" "200" "0.004" "13.10.0" "algorithm=sha1;version=1.1;" "udb0792.eag1.facebook.com" "2021-07-14T15:21:20Z" "2jmj7l5rSw0yVb/vlWAYkK/YBwk=" 1227
2401:db00:31c:2503:face:0:35a:0 - - [14/Jul/2021:08:21:20 -0700]  "GET /bookshelf/organization-e14a694e4770b98e68ed427d8917861a/checksum-130030b554bff3a0393225356828fdd0?AWSAccessKeyId=141e747b948a4bf9ad72078425399f6ec95da345&Expires=1626296400&Signature=wQdZxILlJziDTvxf1A/iG%2BbDfx0%3D HTTP/1.1" 200 "0.004" 141 "-" "Chef Client/13.10.0 (ruby-2.4.4-p296; ohai-13.10.0; x86_64-linux; +https://chef.io)" "127.0.0.1:4321" "200" "0.004" "13.10.0" "algorithm=sha1;version=1.1;" "udb0792.eag1.facebook.com" "2021-07-14T15:21:20Z" "2jmj7l5rSw0yVb/vlWAYkK/YBwk=" 1229
2401:db00:31c:3c03:face:0:2b5:0 - - [14/Jul/2021:08:21:20 -0700]  "GET /organizations/o3/nodes/twshared7188.04.eag1.facebook.com HTTP/1.1" 200 "0.019" 4169 "-" "Chef Client/14.15.6 (ruby-2.5.8-p224; ohai-14.15.0; x86_64-linux; +https://chef.io)" "127.0.0.1:8000" "200" "0.018" "14.15.6" "algorithm=sha1;version=1.1;" "twshared7188.04.eag1.facebook.com" "2021-07-14T15:21:20Z" "2jmj7l5rSw0yVb/vlWAYkK/YBwk=" 1097
2401:db00:31c:2503:face:0:35a:0 - - [14/Jul/2021:08:21:20 -0700]  "GET /bookshelf/organization-e14a694e4770b98e68ed427d8917861a/checksum-533b29c77a2810a84607482371a8a483?AWSAccessKeyId=141e747b948a4bf9ad72078425399f6ec95da345&Expires=1626296400&Signature=UcvXQcVpnK665/OHI5bmzHgo3TQ%3D HTTP/1.1" 200 "0.004" 74 "-" "Chef Client/13.10.0 (ruby-2.4.4-p296; ohai-13.10.0; x86_64-linux; +https://chef.io)" "127.0.0.1:4321" "200" "0.004" "13.10.0" "algorithm=sha1;version=1.1;" "udb0792.eag1.facebook.com" "2021-07-14T15:21:20Z" "2jmj7l5rSw0yVb/vlWAYkK/YBwk=" 1227
2401:db00:31c:4c2e:face:0:25c:0 - - [14/Jul/2021:08:21:20 -0700]  "GET /organizations/o3/roles/fb_base HTTP/1.1" 200 "0.022" 191 "-" "Chef Client/14.15.6 (ruby-2.5.8-p224; ohai-14.15.0; x86_64-linux; +https://chef.io)" "127.0.0.1:8000" "200" "0.022" "14.15.6" "algorithm=sha1;version=1.1;" "twshared54965.04.eag1.facebook.com" "2021-07-14T15:21:20Z" "2jmj7l5rSw0yVb/vlWAYkK/YBwk=" 1072
2401:db00:31c:2503:face:0:35a:0 - - [14/Jul/2021:08:21:20 -0700]  "GET /bookshelf/organization-e14a694e4770b98e68ed427d8917861a/checksum-247e84572b0c13b584ebbf0eb6adf95b?AWSAccessKeyId=141e747b948a4bf9ad72078425399f6ec95da345&Expires=1626296400&Signature=mXwV/MnmNRk38hCo6OD0EznFHrM%3D HTTP/1.1" 200 "0.003" 463 "-" "Chef Client/13.10.0 (ruby-2.4.4-p296; ohai-13.10.0; x86_64-linux; +https://chef.io)" "127.0.0.1:4321" "200" "0.003" "13.10.0" "algorithm=sha1;version=1.1;" "udb0792.eag1.facebook.com" "2021-07-14T15:21:20Z" "2jmj7l5rSw0yVb/vlWAYkK/YBwk=" 1227
2401:db00:31c:2503:face:0:35a:0 - - [14/Jul/2021:08:21:20 -0700]  "GET /bookshelf/organization-e14a694e4770b98e68ed427d8917861a/checksum-efe8b3189f3bd8be04a86abfb47974e0?AWSAccessKeyId=141e747b948a4bf9ad72078425399f6ec95da345&Expires=1626296400&Signature=CYyRWYiuSVJwZEUkSjY1Y3t4Exo%3D HTTP/1.1" 200 "0.003" 93 "-" "Chef Client/13.10.0 (ruby-2.4.4-p296; ohai-13.10.0; x86_64-linux; +https://chef.io)" "127.0.0.1:4321" "200" "0.003" "13.10.0" "algorithm=sha1;version=1.1;" "udb0792.eag1.facebook.com" "2021-07-14T15:21:20Z" "2jmj7l5rSw0yVb/vlWAYkK/YBwk=" 1227
2401:db00:31c:2503:face:0:35a:0 - - [14/Jul/2021:08:21:20 -0700]  "GET /bookshelf/organization-e14a694e4770b98e68ed427d8917861a/checksum-6858ec159ce3e6e64d91b8ecde5631e5?AWSAccessKeyId=141e747b948a4bf9ad72078425399f6ec95da345&Expires=1626296400&Signature=EBcESuKo0J2Gj1343Gdqwl/HyrQ%3D HTTP/1.1" 200 "0.003" 206 "-" "Chef Client/13.10.0 (ruby-2.4.4-p296; ohai-13.10.0; x86_64-linux; +https://chef.io)" "127.0.0.1:4321" "200" "0.003" "13.10.0" "algorithm=sha1;version=1.1;" "udb0792.eag1.facebook.com" "2021-07-14T15:21:20Z" "2jmj7l5rSw0yVb/vlWAYkK/YBwk=" 1227
2401:db00:31c:2503:face:0:35a:0 - - [14/Jul/2021:08:21:20 -0700]  "GET /bookshelf/organization-e14a694e4770b98e68ed427d8917861a/checksum-4b8b7cebaa4324555214633b2c004705?AWSAccessKeyId=141e747b948a4bf9ad72078425399f6ec95da345&Expires=1626296400&Signature=L85F6gVTjlG7nWHR3XHpKE5bezw%3D HTTP/1.1" 200 "0.003" 214 "-" "Chef Client/13.10.0 (ruby-2.4.4-p296; ohai-13.10.0; x86_64-linux; +https://chef.io)" "127.0.0.1:4321" "200" "0.003" "13.10.0" "algorithm=sha1;version=1.1;" "udb0792.eag1.facebook.com" "2021-07-14T15:21:20Z" "2jmj7l5rSw0yVb/vlWAYkK/YBwk=" 1227
2401:db00:31c:2503:face:0:35a:0 - - [14/Jul/2021:08:21:20 -0700]  "GET /bookshelf/organization-e14a694e4770b98e68ed427d8917861a/checksum-ed2b7f8d282f7fa3e7051a61b6fe6724?AWSAccessKeyId=141e747b948a4bf9ad72078425399f6ec95da345&Expires=1626296400&Signature=NYElAUg//6bthGlhoSoB/nkDFZI%3D HTTP/1.1" 200 "0.003" 121 "-" "Chef Client/13.10.0 (ruby-2.4.4-p296; ohai-13.10.0; x86_64-linux; +https://chef.io)" "127.0.0.1:4321" "200" "0.003" "13.10.0" "algorithm=sha1;version=1.1;" "udb0792.eag1.facebook.com" "2021-07-14T15:21:20Z" "2jmj7l5rSw0yVb/vlWAYkK/YBwk=" 1227
2401:db00:31c:2503:face:0:35a:0 - - [14/Jul/2021:08:21:20 -0700]  "GET /bookshelf/organization-e14a694e4770b98e68ed427d8917861a/checksum-cc141d6831bd8dd97e2564c60a205635?AWSAccessKeyId=141e747b948a4bf9ad72078425399f6ec95da345&Expires=1626296400&Signature=BFkQEBZHD/pV5EHc3ZfofS926ss%3D HTTP/1.1" 200 "0.003" 268 "-" "Chef Client/13.10.0 (ruby-2.4.4-p296; ohai-13.10.0; x86_64-linux; +https://chef.io)" "127.0.0.1:4321" "200" "0.003" "13.10.0" "algorithm=sha1;version=1.1;" "udb0792.eag1.facebook.com" "2021-07-14T15:21:20Z" "2jmj7l5rSw0yVb/vlWAYkK/YBwk=" 1227
2401:db00:31c:142b:face:0:3a0:0 - - [14/Jul/2021:08:21:20 -0700]  "GET /organizations/o3/required_recipe HTTP/1.1" 404 "0.000" 559 "-" "Chef Client/13.10.0 (ruby-2.4.4-p296; ohai-13.10.0; x86_64-linux; +https://chef.io)" "-" "-" "-" "13.10.0" "algorithm=sha1;version=1.1;" "udb20573.eag1.facebook.com" "2021-07-14T15:21:20Z" "2jmj7l5rSw0yVb/vlWAYkK/YBwk=" 1066
2401:db00:31c:2503:face:0:35a:0 - - [14/Jul/2021:08:21:20 -0700]  "GET /bookshelf/organization-e14a694e4770b98e68ed427d8917861a/checksum-1c39f7224f2e19bd576b859b7e8fddf8?AWSAccessKeyId=141e747b948a4bf9ad72078425399f6ec95da345&Expires=1626296400&Signature=ReEuLm090aba78ln6kkHt4cP6wg%3D HTTP/1.1" 200 "0.003" 339 "-" "Chef Client/13.10.0 (ruby-2.4.4-p296; ohai-13.10.0; x86_64-linux; +https://chef.io)" "127.0.0.1:4321" "200" "0.003" "13.10.0" "algorithm=sha1;version=1.1;" "udb0792.eag1.facebook.com" "2021-07-14T15:21:20Z" "2jmj7l5rSw0yVb/vlWAYkK/YBwk=" 1227
2401:db00:31c:300:face:0:1dd:0 - - [14/Jul/2021:08:21:20 -0700]  "GET /bookshelf/organization-4b000c81a5b585ccd8d497185a612bec/checksum-8a50303c049a0e192c7e06ad820235b7?AWSAccessKeyId=141e747b948a4bf9ad72078425399f6ec95da345&Expires=1626296400&Signature=4I2VwbHzuVDy%2B3MHh/KjkkN3J2I%3D HTTP/1.1" 200 "0.000" 313 "-" "Chef Client/14.15.6 (ruby-2.5.8-p224; ohai-14.15.0; x86_64-linux; +https://chef.io)" "-" "-" "-" "14.15.6" "algorithm=sha1;version=1.1;" "twshared36597.03.eag1.facebook.com" "2021-07-14T15:21:20Z" "2jmj7l5rSw0yVb/vlWAYkK/YBwk=" 1238
2401:db00:31c:2503:face:0:35a:0 - - [14/Jul/2021:08:21:20 -0700]  "GET /bookshelf/organization-e14a694e4770b98e68ed427d8917861a/checksum-fbfdc2faf7e14a03c22580e6c5c0f226?AWSAccessKeyId=141e747b948a4bf9ad72078425399f6ec95da345&Expires=1626296400&Signature=2Vb8wZrS1Ro6aJBEo/uT9QW2TnU%3D HTTP/1.1" 200 "0.003" 476 "-" "Chef Client/13.10.0 (ruby-2.4.4-p296; ohai-13.10.0; x86_64-linux; +https://chef.io)" "127.0.0.1:4321" "200" "0.003" "13.10.0" "algorithm=sha1;version=1.1;" "udb0792.eag1.facebook.com" "2021-07-14T15:21:20Z" "2jmj7l5rSw0yVb/vlWAYkK/YBwk=" 1227
2401:db00:31c:2503:face:0:35a:0 - - [14/Jul/2021:08:21:20 -0700]  "GET /bookshelf/organization-e14a694e4770b98e68ed427d8917861a/checksum-353f7bf49e408877e375cef3a2de8032?AWSAccessKeyId=141e747b948a4bf9ad72078425399f6ec95da345&Expires=1626296400&Signature=qauaegmx9WZIyo8EoaM126JZJ4o%3D HTTP/1.1" 200 "0.003" 354 "-" "Chef Client/13.10.0 (ruby-2.4.4-p296; ohai-13.10.0; x86_64-linux; +https://chef.io)" "127.0.0.1:4321" "200" "0.003" "13.10.0" "algorithm=sha1;version=1.1;" "udb0792.eag1.facebook.com" "2021-07-14T15:21:20Z" "2jmj7l5rSw0yVb/vlWAYkK/YBwk=" 1227
2401:db00:31c:2503:face:0:35a:0 - - [14/Jul/2021:08:21:20 -0700]  "GET /bookshelf/organization-e14a694e4770b98e68ed427d8917861a/checksum-9af517735c1bd97a4533e3005031e016?AWSAccessKeyId=141e747b948a4bf9ad72078425399f6ec95da345&Expires=1626296400&Signature=uhtPDb2ZoqKUC6UyHEQ/uFqKeFw%3D HTTP/1.1" 200 "0.004" 333 "-" "Chef Client/13.10.0 (ruby-2.4.4-p296; ohai-13.10.0; x86_64-linux; +https://chef.io)" "127.0.0.1:4321" "200" "0.004" "13.10.0" "algorithm=sha1;version=1.1;" "udb0792.eag1.facebook.com" "2021-07-14T15:21:20Z" "2jmj7l5rSw0yVb/vlWAYkK/YBwk=" 1227
2401:db00:31c:2503:face:0:35a:0 - - [14/Jul/2021:08:21:20 -0700]  "GET /bookshelf/organization-e14a694e4770b98e68ed427d8917861a/checksum-ed537cdb5ab16238926aef1df6ca08fb?AWSAccessKeyId=141e747b948a4bf9ad72078425399f6ec95da345&Expires=1626296400&Signature=RWU2B3YTN1%2BiqffH8AJfr84jEq8%3D HTTP/1.1" 200 "0.004" 266 "-" "Chef Client/13.10.0 (ruby-2.4.4-p296; ohai-13.10.0; x86_64-linux; +https://chef.io)" "127.0.0.1:4321" "200" "0.004" "13.10.0" "algorithm=sha1;version=1.1;" "udb0792.eag1.facebook.com" "2021-07-14T15:21:20Z" "2jmj7l5rSw0yVb/vlWAYkK/YBwk=" 1229
2401:db00:31c:4c2e:face:0:25c:0 - - [14/Jul/2021:08:21:20 -0700]  "GET /organizations/o3/roles/fb_middleware HTTP/1.1" 200 "0.019" 166 "-" "Chef Client/14.15.6 (ruby-2.5.8-p224; ohai-14.15.0; x86_64-linux; +https://chef.io)" "127.0.0.1:8000" "200" "0.018" "14.15.6" "algorithm=sha1;version=1.1;" "twshared54965.04.eag1.facebook.com" "2021-07-14T15:21:20Z" "2jmj7l5rSw0yVb/vlWAYkK/YBwk=" 1078
2401:db00:31c:6116:face:0:37f:0 - - [14/Jul/2021:08:21:20 -0700]  "GET /bookshelf/organization-4b000c81a5b585ccd8d497185a612bec/checksum-88448b4a0b0d548e7dfde41111e36dd2?AWSAccessKeyId=141e747b948a4bf9ad72078425399f6ec95da345&Expires=1626296400&Signature=HRX7xhv6MS2Rd00fHFfDp6epYd4%3D HTTP/1.1" 200 "0.000" 259 "-" "Chef Client/14.15.6 (ruby-2.5.8-p224; ohai-14.15.0; x86_64-linux; +https://chef.io)" "-" "-" "-" "14.15.6" "algorithm=sha1;version=1.1;" "twshared39886.05.eag1.facebook.com" "2021-07-14T15:21:20Z" "2jmj7l5rSw0yVb/vlWAYkK/YBwk=" 1236
2401:db00:31c:580f:face:0:149:0 - - [14/Jul/2021:08:21:20 -0700]  "POST /organizations/o1/environments/_default/cookbook_versions HTTP/1.1" 200 "1.352" 375947 "-" "Chef Client/14.15.6 (ruby-2.5.8-p224; ohai-14.15.0; x86_64-linux; +https://chef.io)" "127.0.0.1:8000" "200" "1.254" "14.15.6" "algorithm=sha1;version=1.1;" "twshared37735.05.eag1.facebook.com" "2021-07-14T15:21:18Z" "PzF4KM3OU2/oupQJBgNsLkg+BG0=" 1553
2401:db00:31c:2503:face:0:35a:0 - - [14/Jul/2021:08:21:20 -0700]  "GET /bookshelf/organization-e14a694e4770b98e68ed427d8917861a/checksum-d48b516fca8ca8ce133ac6cd377de9db?AWSAccessKeyId=141e747b948a4bf9ad72078425399f6ec95da345&Expires=1626296400&Signature=RdhgPnrGGdoVOEZBE/Bilzkdglc%3D HTTP/1.1" 200 "0.004" 128 "-" "Chef Client/13.10.0 (ruby-2.4.4-p296; ohai-13.10.0; x86_64-linux; +https://chef.io)" "127.0.0.1:4321" "200" "0.004" "13.10.0" "algorithm=sha1;version=1.1;" "udb0792.eag1.facebook.com" "2021-07-14T15:21:20Z" "2jmj7l5rSw0yVb/vlWAYkK/YBwk=" 1227
2401:db00:31c:2503:face:0:35a:0 - - [14/Jul/2021:08:21:20 -0700]  "GET /bookshelf/organization-e14a694e4770b98e68ed427d8917861a/checksum-63e8347992a12e8966462277f9e6c38a?AWSAccessKeyId=141e747b948a4bf9ad72078425399f6ec95da345&Expires=1626296400&Signature=EPzteby0SHIWMB/UucX/gO9%2BZaY%3D HTTP/1.1" 200 "0.004" 1684 "-" "Chef Client/13.10.0 (ruby-2.4.4-p296; ohai-13.10.0; x86_64-linux; +https://chef.io)" "127.0.0.1:4321" "200" "0.004" "13.10.0" "algorithm=sha1;version=1.1;" "udb0792.eag1.facebook.com" "2021-07-14T15:21:20Z" "2jmj7l5rSw0yVb/vlWAYkK/YBwk=" 1229
2401:db00:31c:2503:face:0:35a:0 - - [14/Jul/2021:08:21:20 -0700]  "GET /bookshelf/organization-e14a694e4770b98e68ed427d8917861a/checksum-63e8347992a12e8966462277f9e6c38a?AWSAccessKeyId=141e747b948a4bf9ad72078425399f6ec95da345&Expires=1626296400&Signature=EPzteby0SHIWMB/UucX/gO9%2BZaY%3D HTTP/1.1" 200 "0.000" 1684 "-" "Chef Client/13.10.0 (ruby-2.4.4-p296; ohai-13.10.0; x86_64-linux; +https://chef.io)" "-" "-" "-" "13.10.0" "algorithm=sha1;version=1.1;" "udb0792.eag1.facebook.com" "2021-07-14T15:21:20Z" "2jmj7l5rSw0yVb/vlWAYkK/YBwk=" 1229
2401:db00:31c:2503:face:0:35a:0 - - [14/Jul/2021:08:21:20 -0700]  "GET /bookshelf/organization-e14a694e4770b98e68ed427d8917861a/checksum-63e8347992a12e8966462277f9e6c38a?AWSAccessKeyId=141e747b948a4bf9ad72078425399f6ec95da345&Expires=1626296400&Signature=EPzteby0SHIWMB/UucX/gO9%2BZaY%3D HTTP/1.1" 200 "0.000" 1684 "-" "Chef Client/13.10.0 (ruby-2.4.4-p296; ohai-13.10.0; x86_64-linux; +https://chef.io)" "-" "-" "-" "13.10.0" "algorithm=sha1;version=1.1;" "udb0792.eag1.facebook.com" "2021-07-14T15:21:20Z" "2jmj7l5rSw0yVb/vlWAYkK/YBwk=" 1229
2401:db00:31c:2503:face:0:35a:0 - - [14/Jul/2021:08:21:20 -0700]  "GET /bookshelf/organization-e14a694e4770b98e68ed427d8917861a/checksum-63e8347992a12e8966462277f9e6c38a?AWSAccessKeyId=141e747b948a4bf9ad72078425399f6ec95da345&Expires=1626296400&Signature=EPzteby0SHIWMB/UucX/gO9%2BZaY%3D HTTP/1.1" 200 "0.003" 1684 "-" "Chef Client/13.10.0 (ruby-2.4.4-p296; ohai-13.10.0; x86_64-linux; +https://chef.io)" "127.0.0.1:4321" "200" "0.003" "13.10.0" "algorithm=sha1;version=1.1;" "udb0792.eag1.facebook.com" "2021-07-14T15:21:20Z" "2jmj7l5rSw0yVb/vlWAYkK/YBwk=" 1229
2401:db00:31c:3919:face:0:3a8:0 - - [14/Jul/2021:08:21:20 -0700]  "GET /organizations/o3/roles/fb_base HTTP/1.1" 200 "0.016" 191 "-" "Chef Client/13.10.0 (ruby-2.4.4-p296; ohai-13.10.0; x86_64-linux; +https://chef.io)" "127.0.0.1:8000" "200" "0.016" "13.10.0" "algorithm=sha1;version=1.1;" "udb31043.eag1.facebook.com" "2021-07-14T15:21:20Z" "2jmj7l5rSw0yVb/vlWAYkK/YBwk=" 1064
2401:db00:31c:2503:face:0:35a:0 - - [14/Jul/2021:08:21:20 -0700]  "GET /bookshelf/organization-e14a694e4770b98e68ed427d8917861a/checksum-63e8347992a12e8966462277f9e6c38a?AWSAccessKeyId=141e747b948a4bf9ad72078425399f6ec95da345&Expires=1626296400&Signature=EPzteby0SHIWMB/UucX/gO9%2BZaY%3D HTTP/1.1" 200 "0.000" 1684 "-" "Chef Client/13.10.0 (ruby-2.4.4-p296; ohai-13.10.0; x86_64-linux; +https://chef.io)" "-" "-" "-" "13.10.0" "algorithm=sha1;version=1.1;" "udb0792.eag1.facebook.com" "2021-07-14T15:21:20Z" "2jmj7l5rSw0yVb/vlWAYkK/YBwk=" 1229
2401:db00:31c:2503:face:0:35a:0 - - [14/Jul/2021:08:21:20 -0700]  "GET /bookshelf/organization-e14a694e4770b98e68ed427d8917861a/checksum-63e8347992a12e8966462277f9e6c38a?AWSAccessKeyId=141e747b948a4bf9ad72078425399f6ec95da345&Expires=1626296400&Signature=EPzteby0SHIWMB/UucX/gO9%2BZaY%3D HTTP/1.1" 200 "0.000" 1684 "-" "Chef Client/13.10.0 (ruby-2.4.4-p296; ohai-13.10.0; x86_64-linux; +https://chef.io)" "-" "-" "-" "13.10.0" "algorithm=sha1;version=1.1;" "udb0792.eag1.facebook.com" "2021-07-14T15:21:20Z" "2jmj7l5rSw0yVb/vlWAYkK/YBwk=" 1229
2401:db00:31c:2503:face:0:35a:0 - - [14/Jul/2021:08:21:20 -0700]  "GET /bookshelf/organization-e14a694e4770b98e68ed427d8917861a/checksum-63e8347992a12e8966462277f9e6c38a?AWSAccessKeyId=141e747b948a4bf9ad72078425399f6ec95da345&Expires=1626296400&Signature=EPzteby0SHIWMB/UucX/gO9%2BZaY%3D HTTP/1.1" 200 "0.000" 1684 "-" "Chef Client/13.10.0 (ruby-2.4.4-p296; ohai-13.10.0; x86_64-linux; +https://chef.io)" "-" "-" "-" "13.10.0" "algorithm=sha1;version=1.1;" "udb0792.eag1.facebook.com" "2021-07-14T15:21:20Z" "2jmj7l5rSw0yVb/vlWAYkK/YBwk=" 1229
2401:db00:31c:2503:face:0:35a:0 - - [14/Jul/2021:08:21:20 -0700]  "GET /bookshelf/organization-e14a694e4770b98e68ed427d8917861a/checksum-63e8347992a12e8966462277f9e6c38a?AWSAccessKeyId=141e747b948a4bf9ad72078425399f6ec95da345&Expires=1626296400&Signature=EPzteby0SHIWMB/UucX/gO9%2BZaY%3D HTTP/1.1" 200 "0.000" 1684 "-" "Chef Client/13.10.0 (ruby-2.4.4-p296; ohai-13.10.0; x86_64-linux; +https://chef.io)" "-" "-" "-" "13.10.0" "algorithm=sha1;version=1.1;" "udb0792.eag1.facebook.com" "2021-07-14T15:21:20Z" "2jmj7l5rSw0yVb/vlWAYkK/YBwk=" 1229
2401:db00:31c:4c2e:face:0:25c:0 - - [14/Jul/2021:08:21:20 -0700]  "GET /organizations/o3/roles/twshared_tier HTTP/1.1" 200 "0.019" 298 "-" "Chef Client/14.15.6 (ruby-2.5.8-p224; ohai-14.15.0; x86_64-linux; +https://chef.io)" "127.0.0.1:8000" "200" "0.018" "14.15.6" "algorithm=sha1;version=1.1;" "twshared54965.04.eag1.facebook.com" "2021-07-14T15:21:20Z" "2jmj7l5rSw0yVb/vlWAYkK/YBwk=" 1078
2401:db00:31c:2503:face:0:35a:0 - - [14/Jul/2021:08:21:20 -0700]  "GET /bookshelf/organization-e14a694e4770b98e68ed427d8917861a/checksum-63e8347992a12e8966462277f9e6c38a?AWSAccessKeyId=141e747b948a4bf9ad72078425399f6ec95da345&Expires=1626296400&Signature=EPzteby0SHIWMB/UucX/gO9%2BZaY%3D HTTP/1.1" 200 "0.000" 1684 "-" "Chef Client/13.10.0 (ruby-2.4.4-p296; ohai-13.10.0; x86_64-linux; +https://chef.io)" "-" "-" "-" "13.10.0" "algorithm=sha1;version=1.1;" "udb0792.eag1.facebook.com" "2021-07-14T15:21:20Z" "2jmj7l5rSw0yVb/vlWAYkK/YBwk=" 1229
2401:db00:31c:300:face:0:1dd:0 - - [14/Jul/2021:08:21:20 -0700]  "GET /bookshelf/organization-4b000c81a5b585ccd8d497185a612bec/checksum-0f6573815c59aebef63d669c09d70f3b?AWSAccessKeyId=141e747b948a4bf9ad72078425399f6ec95da345&Expires=1626296400&Signature=UqZt9eUnyveRtD7Ni%2BKCD6nJfcw%3D HTTP/1.1" 200 "0.000" 263 "-" "Chef Client/14.15.6 (ruby-2.5.8-p224; ohai-14.15.0; x86_64-linux; +https://chef.io)" "-" "-" "-" "14.15.6" "algorithm=sha1;version=1.1;" "twshared36597.03.eag1.facebook.com" "2021-07-14T15:21:20Z" "2jmj7l5rSw0yVb/vlWAYkK/YBwk=" 1238
2401:db00:31c:2503:face:0:35a:0 - - [14/Jul/2021:08:21:20 -0700]  "GET /bookshelf/organization-e14a694e4770b98e68ed427d8917861a/checksum-5a0db649455ef3b4da6999b1d207a522?AWSAccessKeyId=141e747b948a4bf9ad72078425399f6ec95da345&Expires=1626296400&Signature=Cw8PwoqKL%2BtCGuFmUk6kr6G7S2s%3D HTTP/1.1" 200 "0.004" 159 "-" "Chef Client/13.10.0 (ruby-2.4.4-p296; ohai-13.10.0; x86_64-linux; +https://chef.io)" "127.0.0.1:4321" "200" "0.004" "13.10.0" "algorithm=sha1;version=1.1;" "udb0792.eag1.facebook.com" "2021-07-14T15:21:20Z" "2jmj7l5rSw0yVb/vlWAYkK/YBwk=" 1229
2401:db00:31c:300:face:0:1dd:0 - - [14/Jul/2021:08:21:20 -0700]  "GET /bookshelf/organization-4b000c81a5b585ccd8d497185a612bec/checksum-e5e2b54417e5c9b380e563be1ed8ed9d?AWSAccessKeyId=141e747b948a4bf9ad72078425399f6ec95da345&Expires=1626296400&Signature=Cg9LoSTJAk%2B3yaPZbFLTISvLQBk%3D HTTP/1.1" 200 "0.000" 278 "-" "Chef Client/14.15.6 (ruby-2.5.8-p224; ohai-14.15.0; x86_64-linux; +https://chef.io)" "-" "-" "-" "14.15.6" "algorithm=sha1;version=1.1;" "twshared36597.03.eag1.facebook.com" "2021-07-14T15:21:20Z" "2jmj7l5rSw0yVb/vlWAYkK/YBwk=" 1238
2401:db00:31c:392c:face:0:a4:0 - - [14/Jul/2021:08:21:20 -0700]  "GET /organizations/o3/data/fb_users_auth HTTP/1.1" 404 "0.014" 48 "-" "Chef Client/14.15.6 (ruby-2.5.8-p224; ohai-14.15.0; x86_64-linux; +https://chef.io)" "127.0.0.1:8000" "404" "0.014" "14.15.6" "algorithm=sha1;version=1.1;" "twshared30008.04.eag1.facebook.com" "2021-07-14T15:21:20Z" "2jmj7l5rSw0yVb/vlWAYkK/YBwk=" 1077
2401:db00:31c:2503:face:0:35a:0 - - [14/Jul/2021:08:21:20 -0700]  "GET /bookshelf/organization-e14a694e4770b98e68ed427d8917861a/checksum-8a92458325c9c149c31a253ac11b593c?AWSAccessKeyId=141e747b948a4bf9ad72078425399f6ec95da345&Expires=1626296400&Signature=2INTb7JhgOxVyKtuUIKIR7o%2BDWw%3D HTTP/1.1" 200 "0.004" 102 "-" "Chef Client/13.10.0 (ruby-2.4.4-p296; ohai-13.10.0; x86_64-linux; +https://chef.io)" "127.0.0.1:4321" "200" "0.004" "13.10.0" "algorithm=sha1;version=1.1;" "udb0792.eag1.facebook.com" "2021-07-14T15:21:20Z" "2jmj7l5rSw0yVb/vlWAYkK/YBwk=" 1229
2401:db00:31c:2503:face:0:35a:0 - - [14/Jul/2021:08:21:20 -0700]  "GET /bookshelf/organization-e14a694e4770b98e68ed427d8917861a/checksum-88069be5d99932e79a5632eb52095259?AWSAccessKeyId=141e747b948a4bf9ad72078425399f6ec95da345&Expires=1626296400&Signature=4w4bhE/DBId23E%2B0wcy7f6RVWv0%3D HTTP/1.1" 200 "0.003" 319 "-" "Chef Client/13.10.0 (ruby-2.4.4-p296; ohai-13.10.0; x86_64-linux; +https://chef.io)" "127.0.0.1:4321" "200" "0.003" "13.10.0" "algorithm=sha1;version=1.1;" "udb0792.eag1.facebook.com" "2021-07-14T15:21:20Z" "2jmj7l5rSw0yVb/vlWAYkK/YBwk=" 1229
2401:db00:31c:2503:face:0:35a:0 - - [14/Jul/2021:08:21:20 -0700]  "GET /bookshelf/organization-e14a694e4770b98e68ed427d8917861a/checksum-636a7ed9583fc5432bbabfc769afc1da?AWSAccessKeyId=141e747b948a4bf9ad72078425399f6ec95da345&Expires=1626296400&Signature=Z5uBG3iQ7SyXbNI1wNFyHUq/IDM%3D HTTP/1.1" 200 "0.004" 794 "-" "Chef Client/13.10.0 (ruby-2.4.4-p296; ohai-13.10.0; x86_64-linux; +https://chef.io)" "127.0.0.1:4321" "200" "0.004" "13.10.0" "algorithm=sha1;version=1.1;" "udb0792.eag1.facebook.com" "2021-07-14T15:21:20Z" "2jmj7l5rSw0yVb/vlWAYkK/YBwk=" 1227
2401:db00:31c:2a2a:face:0:31e:0 - - [14/Jul/2021:08:21:20 -0700]  "GET /organizations/o3/data/fb_users_auth HTTP/1.1" 404 "0.014" 48 "-" "Chef Client/14.15.6 (ruby-2.5.8-p224; ohai-14.15.0; x86_64-linux; +https://chef.io)" "127.0.0.1:8000" "404" "0.014" "14.15.6" "algorithm=sha1;version=1.1;" "twshared16482.02.eag1.facebook.com" "2021-07-14T15:21:20Z" "2jmj7l5rSw0yVb/vlWAYkK/YBwk=" 1077
2401:db00:31c:2503:face:0:35a:0 - - [14/Jul/2021:08:21:20 -0700]  "GET /bookshelf/organization-e14a694e4770b98e68ed427d8917861a/checksum-f6adbb89b1e549e9a3736e6930c8809b?AWSAccessKeyId=141e747b948a4bf9ad72078425399f6ec95da345&Expires=1626296400&Signature=dgKJKyOWjEyzrB2s5CLnT9fdxTk%3D HTTP/1.1" 200 "0.004" 86 "-" "Chef Client/13.10.0 (ruby-2.4.4-p296; ohai-13.10.0; x86_64-linux; +https://chef.io)" "127.0.0.1:4321" "200" "0.004" "13.10.0" "algorithm=sha1;version=1.1;" "udb0792.eag1.facebook.com" "2021-07-14T15:21:20Z" "2jmj7l5rSw0yVb/vlWAYkK/YBwk=" 1227
2401:db00:31c:2503:face:0:35a:0 - - [14/Jul/2021:08:21:20 -0700]  "GET /bookshelf/organization-e14a694e4770b98e68ed427d8917861a/checksum-af84891804df42803184756805479441?AWSAccessKeyId=141e747b948a4bf9ad72078425399f6ec95da345&Expires=1626296400&Signature=KbltAc8OTF%2B58AFrRFd7tbovvPI%3D HTTP/1.1" 200 "0.004" 524 "-" "Chef Client/13.10.0 (ruby-2.4.4-p296; ohai-13.10.0; x86_64-linux; +https://chef.io)" "127.0.0.1:4321" "200" "0.004" "13.10.0" "algorithm=sha1;version=1.1;" "udb0792.eag1.facebook.com" "2021-07-14T15:21:20Z" "2jmj7l5rSw0yVb/vlWAYkK/YBwk=" 1229
2401:db00:31c:3919:face:0:3a8:0 - - [14/Jul/2021:08:21:20 -0700]  "GET /organizations/o3/roles/fb_middleware HTTP/1.1" 200 "0.020" 166 "-" "Chef Client/13.10.0 (ruby-2.4.4-p296; ohai-13.10.0; x86_64-linux; +https://chef.io)" "127.0.0.1:8000" "200" "0.019" "13.10.0" "algorithm=sha1;version=1.1;" "udb31043.eag1.facebook.com" "2021-07-14T15:21:20Z" "2jmj7l5rSw0yVb/vlWAYkK/YBwk=" 1070
2401:db00:31c:300:face:0:1dd:0 - - [14/Jul/2021:08:21:20 -0700]  "GET /bookshelf/organization-4b000c81a5b585ccd8d497185a612bec/checksum-016f9a59f53d77a81240955149e719d4?AWSAccessKeyId=141e747b948a4bf9ad72078425399f6ec95da345&Expires=1626296400&Signature=4MFUti3piy6n2g5eR3oHXU89BE4%3D HTTP/1.1" 200 "0.000" 256 "-" "Chef Client/14.15.6 (ruby-2.5.8-p224; ohai-14.15.0; x86_64-linux; +https://chef.io)" "-" "-" "-" "14.15.6" "algorithm=sha1;version=1.1;" "twshared36597.03.eag1.facebook.com" "2021-07-14T15:21:20Z" "2jmj7l5rSw0yVb/vlWAYkK/YBwk=" 1236
2401:db00:31c:2503:face:0:35a:0 - - [14/Jul/2021:08:21:20 -0700]  "GET /bookshelf/organization-e14a694e4770b98e68ed427d8917861a/checksum-b84bcac225b642999e9d5e66e4147fb4?AWSAccessKeyId=141e747b948a4bf9ad72078425399f6ec95da345&Expires=1626296400&Signature=uqYEvpyieb8cCITHlUQEOC14UPg%3D HTTP/1.1" 200 "0.005" 315 "-" "Chef Client/13.10.0 (ruby-2.4.4-p296; ohai-13.10.0; x86_64-linux; +https://chef.io)" "127.0.0.1:4321" "200" "0.005" "13.10.0" "algorithm=sha1;version=1.1;" "udb0792.eag1.facebook.com" "2021-07-14T15:21:20Z" "2jmj7l5rSw0yVb/vlWAYkK/YBwk=" 1227
2401:db00:31c:3c03:face:0:2b5:0 - - [14/Jul/2021:08:21:20 -0700]  "GET /organizations/o3/roles/fb_base HTTP/1.1" 200 "0.024" 191 "-" "Chef Client/14.15.6 (ruby-2.5.8-p224; ohai-14.15.0; x86_64-linux; +https://chef.io)" "127.0.0.1:8000" "200" "0.023" "14.15.6" "algorithm=sha1;version=1.1;" "twshared7188.04.eag1.facebook.com" "2021-07-14T15:21:20Z" "2jmj7l5rSw0yVb/vlWAYkK/YBwk=" 1071
2401:db00:31c:2503:face:0:35a:0 - - [14/Jul/2021:08:21:20 -0700]  "GET /bookshelf/organization-e14a694e4770b98e68ed427d8917861a/checksum-908d22e96cf4da13ca225b8771144c20?AWSAccessKeyId=141e747b948a4bf9ad72078425399f6ec95da345&Expires=1626296400&Signature=iP0k6DQNRjFNlfsEr2DmI%2BqyNp4%3D HTTP/1.1" 200 "0.004" 229 "-" "Chef Client/13.10.0 (ruby-2.4.4-p296; ohai-13.10.0; x86_64-linux; +https://chef.io)" "127.0.0.1:4321" "200" "0.004" "13.10.0" "algorithm=sha1;version=1.1;" "udb0792.eag1.facebook.com" "2021-07-14T15:21:20Z" "2jmj7l5rSw0yVb/vlWAYkK/YBwk=" 1229
2401:db00:31c:2503:face:0:35a:0 - - [14/Jul/2021:08:21:20 -0700]  "GET /bookshelf/organization-e14a694e4770b98e68ed427d8917861a/checksum-74805fab843298b3c695d1eca19eb6d5?AWSAccessKeyId=141e747b948a4bf9ad72078425399f6ec95da345&Expires=1626296400&Signature=xjhtNwa1LgYzTcB2IyuOUopuvPw%3D HTTP/1.1" 200 "0.003" 12062 "-" "Chef Client/13.10.0 (ruby-2.4.4-p296; ohai-13.10.0; x86_64-linux; +https://chef.io)" "127.0.0.1:4321" "200" "0.003" "13.10.0" "algorithm=sha1;version=1.1;" "udb0792.eag1.facebook.com" "2021-07-14T15:21:20Z" "2jmj7l5rSw0yVb/vlWAYkK/YBwk=" 1227
2401:db00:31c:2503:face:0:35a:0 - - [14/Jul/2021:08:21:20 -0700]  "GET /bookshelf/organization-e14a694e4770b98e68ed427d8917861a/checksum-7de857196edc05f45b83803578105a26?AWSAccessKeyId=141e747b948a4bf9ad72078425399f6ec95da345&Expires=1626296400&Signature=GeZrgIyLQyR2rBqrRl5/K/VNobU%3D HTTP/1.1" 200 "0.003" 222 "-" "Chef Client/13.10.0 (ruby-2.4.4-p296; ohai-13.10.0; x86_64-linux; +https://chef.io)" "127.0.0.1:4321" "200" "0.003" "13.10.0" "algorithm=sha1;version=1.1;" "udb0792.eag1.facebook.com" "2021-07-14T15:21:20Z" "2jmj7l5rSw0yVb/vlWAYkK/YBwk=" 1227
2401:db00:31c:2503:face:0:35a:0 - - [14/Jul/2021:08:21:20 -0700]  "GET /bookshelf/organization-e14a694e4770b98e68ed427d8917861a/checksum-c32018258839d7dbab5852349f4b734e?AWSAccessKeyId=141e747b948a4bf9ad72078425399f6ec95da345&Expires=1626296400&Signature=2CRRQm9k6wRhUYqyxWaItayGsmA%3D HTTP/1.1" 200 "0.003" 154 "-" "Chef Client/13.10.0 (ruby-2.4.4-p296; ohai-13.10.0; x86_64-linux; +https://chef.io)" "127.0.0.1:4321" "200" "0.003" "13.10.0" "algorithm=sha1;version=1.1;" "udb0792.eag1.facebook.com" "2021-07-14T15:21:20Z" "2jmj7l5rSw0yVb/vlWAYkK/YBwk=" 1227
2401:db00:31c:2503:face:0:35a:0 - - [14/Jul/2021:08:21:20 -0700]  "GET /bookshelf/organization-e14a694e4770b98e68ed427d8917861a/checksum-9e4717198a22ea2c32683e2d716d3884?AWSAccessKeyId=141e747b948a4bf9ad72078425399f6ec95da345&Expires=1626296400&Signature=TZDcf4SqIb2EMq8LMtTsblWbJJc%3D HTTP/1.1" 200 "0.003" 144 "-" "Chef Client/13.10.0 (ruby-2.4.4-p296; ohai-13.10.0; x86_64-linux; +https://chef.io)" "127.0.0.1:4321" "200" "0.003" "13.10.0" "algorithm=sha1;version=1.1;" "udb0792.eag1.facebook.com" "2021-07-14T15:21:20Z" "2jmj7l5rSw0yVb/vlWAYkK/YBwk=" 1227
2401:db00:31c:2503:face:0:35a:0 - - [14/Jul/2021:08:21:20 -0700]  "GET /bookshelf/organization-e14a694e4770b98e68ed427d8917861a/checksum-86c6a1ed4ef0e3379493a212d2ab722a?AWSAccessKeyId=141e747b948a4bf9ad72078425399f6ec95da345&Expires=1626296400&Signature=ukHjgngffZtFSuwk5F8IU%2BDb1i8%3D HTTP/1.1" 200 "0.003" 163 "-" "Chef Client/13.10.0 (ruby-2.4.4-p296; ohai-13.10.0; x86_64-linux; +https://chef.io)" "127.0.0.1:4321" "200" "0.003" "13.10.0" "algorithm=sha1;version=1.1;" "udb0792.eag1.facebook.com" "2021-07-14T15:21:20Z" "2jmj7l5rSw0yVb/vlWAYkK/YBwk=" 1229
2401:db00:31c:2503:face:0:35a:0 - - [14/Jul/2021:08:21:20 -0700]  "GET /bookshelf/organization-e14a694e4770b98e68ed427d8917861a/checksum-7f7a0b9f1e65f70f8189232cc6e94858?AWSAccessKeyId=141e747b948a4bf9ad72078425399f6ec95da345&Expires=1626296400&Signature=mKBG%2BgRwoS7V7ZKKNENLqK15BOY%3D HTTP/1.1" 200 "0.003" 173 "-" "Chef Client/13.10.0 (ruby-2.4.4-p296; ohai-13.10.0; x86_64-linux; +https://chef.io)" "127.0.0.1:4321" "200" "0.003" "13.10.0" "algorithm=sha1;version=1.1;" "udb0792.eag1.facebook.com" "2021-07-14T15:21:20Z" "2jmj7l5rSw0yVb/vlWAYkK/YBwk=" 1229
2401:db00:31c:3c03:face:0:2b5:0 - - [14/Jul/2021:08:21:20 -0700]  "GET /organizations/o3/roles/fb_middleware HTTP/1.1" 200 "0.021" 166 "-" "Chef Client/14.15.6 (ruby-2.5.8-p224; ohai-14.15.0; x86_64-linux; +https://chef.io)" "127.0.0.1:8000" "200" "0.020" "14.15.6" "algorithm=sha1;version=1.1;" "twshared7188.04.eag1.facebook.com" "2021-07-14T15:21:20Z" "2jmj7l5rSw0yVb/vlWAYkK/YBwk=" 1077
2401:db00:31c:3919:face:0:3a8:0 - - [14/Jul/2021:08:21:20 -0700]  "GET /organizations/o3/roles/udb_tier HTTP/1.1" 200 "0.021" 218 "-" "Chef Client/13.10.0 (ruby-2.4.4-p296; ohai-13.10.0; x86_64-linux; +https://chef.io)" "127.0.0.1:8000" "200" "0.021" "13.10.0" "algorithm=sha1;version=1.1;" "udb31043.eag1.facebook.com" "2021-07-14T15:21:20Z" "2jmj7l5rSw0yVb/vlWAYkK/YBwk=" 1065
